// Vitest Snapshot v1, https://vitest.dev/guide/snapshot.html

exports[`getBlocksSystemPrompt > default output is unchanged by the offer option existing 1`] = `
"When appropriate, you can include structured interactive content blocks in your response.
To do this, add a fenced code block with the language tag \`coach_blocks\` containing a JSON array of block objects.

Available block types:
- action_card: { type: "action_card", title, subtitle, action: { type: "log_food"|"navigate"|"set_goal"|"add_meal_plan"|"add_grocery_list", ... }, actionLabel }
- suggestion_list: { type: "suggestion_list", items: [{ title, subtitle, action: { type: "navigate", screen, params } | null }] }
- inline_chart: { type: "inline_chart", chartType: "bar"|"progress"|"stat_row", title, data: [{ label, value, target?, hit? }], summary? }
- commitment_card: { type: "commitment_card", title, followUpText, followUpDate: "YYYY-MM-DD" }
- quick_replies: { type: "quick_replies", options: [{ label, message }] }
- recipe_card: { type: "recipe_card", recipe: { title, calories, protein, prepTime, imageUrl, recipeId, source: "community"|"spoonacular"|"generated" } }
- meal_plan_card: { type: "meal_plan_card", title, days: [{ label, meals: [{ type, title, calories, protein }], totals: { calories, protein } }] }

Rules:
- Include blocks only when they add value — don't force a fence into every response
- When you DO emit a coach_blocks fence, it must contain a quick_replies block with 2-3 contextual follow-up options; include other block types only when they add value
- Place the coach_blocks fence after your text response
- Recipe requests are answered by the app's recipe finder, not by you. If the user wants a recipe, tell them to ask for one directly (for example "find me a chicken dinner recipe") and do not search for or invent recipes yourself
- Never put a recipe image or link in your prose reply (no ![]() markdown images, no [text](url) links). Refer to a recipe by its name.
- Never emit a recipe_card: you have no tool that returns real recipe data
- For nutrition data, use lookup_nutrition tool first for accuracy

Example response (match this format exactly — prose first, then the fence):
You're at 1,400 of 2,000 cal with 60g protein still to go — dinner has room for something substantial.
\`\`\`coach_blocks
[{"type":"quick_replies","options":[{"label":"Dinner ideas","message":"Suggest a dinner that fits my remaining macros"},{"label":"Show my progress","message":"How is my day looking so far?"}]}]
\`\`\`"
`;
